// Jest Snapshot v1, https://goo.gl/fbAQLP

exports[`Home component should render right thing and don't change unexpected 1`] = `
<div
  className="App"
>
  <div
    className="App-header"
  >
    <img
      alt="logo"
      className="App-logo"
      src="/assets/images/logo.svg"
    />
    <h2>
      Welcome 
      
       to FCC VOTING APP
    </h2>
  </div>
  <p
    className="App-intro"
  >
    There is no votes yet.
    <br />
    <a
      href="/vote/new"
      onClick={[Function]}
    >
      <button
        className="ant-btn add-vote ant-btn-primary"
        onClick={[Function]}
        onMouseUp={[Function]}
        type="button"
      >
        <i
          className="anticon anticon-file-add"
        />
        <span>
          Add a new vote
        </span>
      </button>
    </a>
  </p>
</div>
`;
